\BOOKMARK [1][-]{section.1}{\376\377\000R\000\351\000s\000u\000m\000\351}{}% 1
\BOOKMARK [1][-]{section.2}{\376\377\000S\000y\000n\000t\000h\000\350\000s\000e\000\040\000d\000e\000s\000\040\000A\000r\000t\000i\000c\000l\000e\000s}{}% 2
\BOOKMARK [2][-]{subsection.2.1}{\376\377\000A\000f\000r\000a\000p\000o\000l\000i\000\040\000\046\000\040\000A\000s\000k\000a\000r\000i\000-\000N\000a\000s\000a\000b\000\040\000\050\0002\0000\0001\0007\000\051}{section.2}% 3
\BOOKMARK [3][-]{subsubsection.2.1.1}{\376\377\000P\000r\000o\000b\000l\000\351\000m\000a\000t\000i\000q\000u\000e}{subsection.2.1}% 4
\BOOKMARK [3][-]{subsubsection.2.1.2}{\376\377\000M\000\351\000t\000h\000o\000d\000o\000l\000o\000g\000i\000e}{subsection.2.1}% 5
\BOOKMARK [3][-]{subsubsection.2.1.3}{\376\377\000C\000o\000n\000c\000l\000u\000s\000i\000o\000n\000s\000\040\000C\000l\000\351\000s}{subsection.2.1}% 6
\BOOKMARK [3][-]{subsubsection.2.1.4}{\376\377\000P\000e\000r\000t\000i\000n\000e\000n\000c\000e\000\040\000p\000o\000u\000r\000\040\000l\000e\000\040\000M\000\351\000m\000o\000i\000r\000e}{subsection.2.1}% 7
\BOOKMARK [2][-]{subsection.2.2}{\376\377\000A\000l\000a\000r\000i\000e\000\040\000\046\000\040\000G\000a\000m\000a\000c\000h\000e\000\040\000\050\0002\0000\0000\0002\000\051}{section.2}% 8
\BOOKMARK [3][-]{subsubsection.2.2.1}{\376\377\000P\000r\000o\000b\000l\000\351\000m\000a\000t\000i\000q\000u\000e}{subsection.2.2}% 9
\BOOKMARK [3][-]{subsubsection.2.2.2}{\376\377\000M\000\351\000t\000h\000o\000d\000o\000l\000o\000g\000i\000e}{subsection.2.2}% 10
\BOOKMARK [3][-]{subsubsection.2.2.3}{\376\377\000C\000o\000n\000c\000l\000u\000s\000i\000o\000n\000s\000\040\000C\000l\000\351\000s}{subsection.2.2}% 11
\BOOKMARK [3][-]{subsubsection.2.2.4}{\376\377\000P\000e\000r\000t\000i\000n\000e\000n\000c\000e\000\040\000p\000o\000u\000r\000\040\000l\000e\000\040\000M\000\351\000m\000o\000i\000r\000e}{subsection.2.2}% 12
\BOOKMARK [2][-]{subsection.2.3}{\376\377\000N\000e\000w\000m\000a\000n\000\040\000e\000t\000\040\000a\000l\000.\000\040\000\050\0002\0000\0001\0000\000\051}{section.2}% 13
\BOOKMARK [3][-]{subsubsection.2.3.1}{\376\377\000P\000r\000o\000b\000l\000\351\000m\000a\000t\000i\000q\000u\000e}{subsection.2.3}% 14
\BOOKMARK [3][-]{subsubsection.2.3.2}{\376\377\000M\000\351\000t\000h\000o\000d\000o\000l\000o\000g\000i\000e}{subsection.2.3}% 15
\BOOKMARK [3][-]{subsubsection.2.3.3}{\376\377\000C\000o\000n\000c\000l\000u\000s\000i\000o\000n\000s\000\040\000C\000l\000\351\000s}{subsection.2.3}% 16
\BOOKMARK [3][-]{subsubsection.2.3.4}{\376\377\000P\000e\000r\000t\000i\000n\000e\000n\000c\000e\000\040\000p\000o\000u\000r\000\040\000l\000e\000\040\000M\000\351\000m\000o\000i\000r\000e}{subsection.2.3}% 17
\BOOKMARK [2][-]{subsection.2.4}{\376\377\000M\000o\000h\000t\000a\000s\000h\000a\000m\000\040\000e\000t\000\040\000a\000l\000.\000\040\000\050\0002\0000\0002\0003\000\051}{section.2}% 18
\BOOKMARK [3][-]{subsubsection.2.4.1}{\376\377\000P\000r\000o\000b\000l\000\351\000m\000a\000t\000i\000q\000u\000e}{subsection.2.4}% 19
\BOOKMARK [3][-]{subsubsection.2.4.2}{\376\377\000M\000\351\000t\000h\000o\000d\000o\000l\000o\000g\000i\000e}{subsection.2.4}% 20
\BOOKMARK [3][-]{subsubsection.2.4.3}{\376\377\000C\000o\000n\000c\000l\000u\000s\000i\000o\000n\000s\000\040\000C\000l\000\351\000s}{subsection.2.4}% 21
\BOOKMARK [3][-]{subsubsection.2.4.4}{\376\377\000P\000e\000r\000t\000i\000n\000e\000n\000c\000e\000\040\000p\000o\000u\000r\000\040\000l\000e\000\040\000M\000\351\000m\000o\000i\000r\000e}{subsection.2.4}% 22
\BOOKMARK [2][-]{subsection.2.5}{\376\377\000L\000a\000c\000u\000n\000e\000s\000\040\000i\000d\000e\000n\000t\000i\000f\000i\000\351\000e\000s\000\040\000d\000a\000n\000s\000\040\000l\000a\000\040\000l\000i\000t\000t\000\351\000r\000a\000t\000u\000r\000e}{section.2}% 23
\BOOKMARK [2][-]{subsection.2.6}{\376\377\000O\000p\000p\000o\000r\000t\000u\000n\000i\000t\000\351\000s\000\040\000p\000o\000u\000r\000\040\000l\000'\000A\000p\000p\000r\000e\000n\000t\000i\000s\000s\000a\000g\000e\000\040\000p\000a\000r\000\040\000R\000e\000n\000f\000o\000r\000c\000e\000m\000e\000n\000t}{section.2}% 24
\BOOKMARK [1][-]{section*.2}{\376\377\000R\000\351\000f\000\351\000r\000e\000n\000c\000e\000s}{}% 25
